C51 COMPILER V9.60.0.0   ASSERT                                                            11/10/2022 23:22:23 PAGE 1   


C51 COMPILER V9.60.0.0, COMPILATION OF MODULE ASSERT
OBJECT MODULE PLACED IN .\lib/efm8_assert/assert.OBJ
COMPILER INVOKED BY: Z:\Applications\Simplicity Studio.app\Contents\Eclipse\developer\toolchains\keil_8051\9.60\BIN\C51.
                    -exe /Applications/Simplicity Studio.app/Contents/Eclipse/developer/sdks/8051/v4.2.4/Lib/efm8_assert/assert.c OMF2 SMALL 
                    -DEBUG OBJECTEXTEND ROM(LARGE) WARNINGLEVEL(2) FLOATFUZZY(3) OPTIMIZE(8,SPEED) DEFINE(DEBUG=1) INTVECTOR(0X0000) INTPROMO
                    -TE INCDIR(/Users/paul_leveque/Documents/10_Projets/EFM8BB1_PCA_Lib_8bitCenterPWM/inc;/Users/paul_leveque/Documents/10_Pr
                    -ojets/EFM8BB1_PCA_Lib_8bitCenterPWM/inc/config;/Users/paul_leveque/Documents/10_Projets/EFM8BB1_PCA_Lib_8bitCenterPWM/dr
                    -ivers;/Applications/Simplicity Studio.app/Contents/Eclipse/developer/sdks/8051/v4.2.4//Device/EFM8BB1/peripheral_driver/
                    -inc;/Applications/Simplicity Studio.app/Contents/Eclipse/developer/sdks/8051/v4.2.4//Lib/efm8_assert;/Applications/Simpl
                    -icity Studio.app/Contents/Eclipse/developer/sdks/8051/v4.2.4//kits/common/bsp;/Applications/Simplicity Studio.app/Conten
                    -ts/Eclipse/developer/sdks/8051/v4.2.4//kits/EFM8BB1_LCK/config;/Applications/Simplicity Studio.app/Contents/Eclipse/deve
                    -loper/sdks/8051/v4.2.4//Device/shared/si8051Base;/Applications/Simplicity Studio.app/Contents/Eclipse/developer/sdks/805
                    -1/v4.2.4//Device/EFM8BB1/inc) PRINT(.\lib/efm8_assert/assert.lst) COND PAGEWIDTH(120) PAGELENGTH(65) OBJECT(.\lib/efm8_a
                    -ssert/assert.OBJ)

line level    source

   1          /**************************************************************************//**
   2           * Copyright (c) 2015 by Silicon Laboratories Inc. All rights reserved.
   3           *
   4           * http://developer.silabs.com/legal/version/v11/Silicon_Labs_Software_License_Agreement.txt
   5           *****************************************************************************/
   6             
   7          #ifndef NDEBUG
   8          void slab_Assert()
   9          {
  10   1        while ( 1 );
  11   1      }
  12          #endif


MODULE INFORMATION:   STATIC OVERLAYABLE
   CODE SIZE        =      2    ----
   CONSTANT SIZE    =   ----    ----
   XDATA SIZE       =   ----    ----
   PDATA SIZE       =   ----    ----
   DATA SIZE        =   ----    ----
   IDATA SIZE       =   ----    ----
   BIT SIZE         =   ----    ----
   EDATA SIZE       =   ----    ----
   HDATA SIZE       =   ----    ----
   XDATA CONST SIZE =   ----    ----
   FAR CONST SIZE   =   ----    ----
END OF MODULE INFORMATION.


C51 COMPILATION COMPLETE.  0 WARNING(S),  0 ERROR(S)
